Warp CUDA warning: Could not find or load the NVIDIA CUDA driver. GPU execution will not be available.
Warp 1.18.0 initialized:
   CUDA Toolkit 13.4, CUDA driver not available (NVRTC compilation available)
   Devices:
     "cpu"      : "CPU"
   Kernel cache:
     <warp-cache>
Newton: <candidate-checkout>/newton/__init__.py Warp: 1.18.0
Expected values were frozen before any cone candidate was inspected.
Module __main__ <cache-id> load on device 'cpu' took 4381.29 ms  (compiled)
PASS helper interior_center_side_x: expected=0.5 actual=0.5 normal=[0.89442724 0.         0.44721362]
PASS helper interior_center_side_y: expected=0.5 actual=0.5 normal=[ 0.         -0.89442724  0.44721362]
PASS helper interior_offset_outward: expected=0.3 actual=0.299999982 normal=[0.89442724 0.         0.44721362]
PASS helper interior_offset_inward: expected=0.7 actual=0.699999988 normal=[-0.89442724  0.          0.44721362]
PASS helper interior_upper_slice: expected=0.25 actual=0.25 normal=[0.89442724 0.         0.44721362]
PASS helper interior_axis_base: expected=1 actual=1 normal=[ 0.  0. -1.]
PASS helper interior_offset_base: expected=1 actual=1 normal=[ 0.  0. -1.]
PASS helper interior_axis_apex: expected=1 actual=1 normal=[0. 0. 1.]
PASS helper interior_offset_ascending: expected=0.5 actual=0.5 normal=[0.89442724 0.         0.44721362]
PASS helper exterior_side_entry: expected=1.5 actual=1.5 normal=[-0.89442724  0.          0.44721362]
PASS helper exterior_base_entry: expected=1 actual=1 normal=[ 0.  0. -1.]
PASS helper exterior_base_before_side: expected=1.25 actual=1.25 normal=[ 0.  0. -1.]
PASS helper exterior_apex_entry: expected=1 actual=1 normal=[0. 0. 1.]
PASS helper exterior_side_after_clipped_root: expected=1.5 actual=1.5 normal=[0.89442724 0.         0.44721362]
PASS helper side_tangent: expected=1 actual=1 normal=[0.         0.89442724 0.44721362]
PASS helper miss_offset: expected=-1 actual=-1 normal=[0. 0. 0.]
PASS helper miss_both_roots_behind: expected=-1 actual=-1 normal=[0. 0. 0.]
PASS helper miss_both_roots_axially_clipped: expected=-1 actual=-1 normal=[0. 0. 0.]
PASS helper linear_interior_side: expected=0.559016994 actual=0.559017003 normal=[0.89442724 0.         0.44721362]
PASS helper linear_interior_base: expected=1.11803399 actual=1.11803401 normal=[ 0.  0. -1.]
PASS helper linear_exterior_side: expected=0.559016994 actual=0.559017003 normal=[0.89442724 0.         0.44721362]
PASS helper linear_exterior_away: expected=-1 actual=-1 normal=[0. 0. 0.]
PASS helper constant_nonzero_polynomial_miss: expected=-1 actual=-1 normal=[0. 0. 0.]
PASS helper tall_cone_center_exit: expected=0.25 actual=0.25 normal=[0.9922779  0.         0.12403474]
PASS helper squat_cone_center_exit: expected=1 actual=1 normal=[0.44721362 0.         0.89442724]
PASS helper small_cone_center_exit: expected=0.005 actual=0.00499999989 normal=[0.89442724 0.         0.44721362]
PASS helper large_cone_center_exit: expected=5 actual=5 normal=[0.89442724 0.         0.44721362]
PASS helper boundary_side_origin: expected=0 actual=-0 normal=[0.89442724 0.         0.44721362]
PASS helper boundary_base_origin: expected=0 actual=-0 normal=[ 0.  0. -1.]
PASS helper generator_surface_origin: expected=0 actual=0 normal=[0.89442724 0.         0.44721362]
PASS helper generator_from_below: expected=1.11803399 actual=1.11803401 normal=[ 0.  0. -1.]
Module newton._src.geometry.bvh <cache-id> load on device 'cpu' took 0.69 ms  (cached)
Module intersect_ray__locals___intersect_ray_kernel_<cache-id> <cache-id> load on device 'cpu' took 0.84 ms  (cached)
PASS public_transformed=False_fast_math=False interior_center_side_x: expected=0.5 actual=0.5 normal=[0.89442724 0.         0.44721362]
PASS public_transformed=False_fast_math=False interior_center_side_y: expected=0.5 actual=0.5 normal=[ 0.         -0.89442724  0.44721362]
PASS public_transformed=False_fast_math=False interior_offset_outward: expected=0.3 actual=0.299999982 normal=[0.89442724 0.         0.44721362]
PASS public_transformed=False_fast_math=False interior_offset_inward: expected=0.7 actual=0.699999988 normal=[-0.89442724  0.          0.44721362]
PASS public_transformed=False_fast_math=False interior_upper_slice: expected=0.25 actual=0.25 normal=[0.89442724 0.         0.44721362]
PASS public_transformed=False_fast_math=False interior_axis_base: expected=1 actual=1 normal=[ 0.  0. -1.]
PASS public_transformed=False_fast_math=False interior_offset_base: expected=1 actual=1 normal=[ 0.  0. -1.]
PASS public_transformed=False_fast_math=False interior_axis_apex: expected=1 actual=1 normal=[0. 0. 1.]
PASS public_transformed=False_fast_math=False interior_offset_ascending: expected=0.5 actual=0.5 normal=[0.89442724 0.         0.44721362]
PASS public_transformed=False_fast_math=False exterior_side_entry: expected=1.5 actual=1.5 normal=[-0.89442724  0.          0.44721362]
PASS public_transformed=False_fast_math=False exterior_base_entry: expected=1 actual=1 normal=[ 0.  0. -1.]
PASS public_transformed=False_fast_math=False exterior_base_before_side: expected=1.25 actual=1.25 normal=[ 0.  0. -1.]
PASS public_transformed=False_fast_math=False exterior_apex_entry: expected=1 actual=1 normal=[0. 0. 1.]
PASS public_transformed=False_fast_math=False exterior_side_after_clipped_root: expected=1.5 actual=1.5 normal=[0.89442724 0.         0.44721362]
PASS public_transformed=False_fast_math=False side_tangent: expected=1 actual=1 normal=[0.         0.89442724 0.44721362]
PASS public_transformed=False_fast_math=False miss_offset: expected=-1 actual=-1 normal=[0. 0. 0.]
PASS public_transformed=False_fast_math=False miss_both_roots_behind: expected=-1 actual=-1 normal=[0. 0. 0.]
PASS public_transformed=False_fast_math=False miss_both_roots_axially_clipped: expected=-1 actual=-1 normal=[0. 0. 0.]
PASS public_transformed=False_fast_math=False linear_interior_side: expected=0.559016994 actual=0.559017003 normal=[0.89442724 0.         0.44721362]
PASS public_transformed=False_fast_math=False linear_interior_base: expected=1.11803399 actual=1.11803401 normal=[ 0.  0. -1.]
PASS public_transformed=False_fast_math=False linear_exterior_side: expected=0.559016994 actual=0.559017003 normal=[0.89442724 0.         0.44721362]
PASS public_transformed=False_fast_math=False linear_exterior_away: expected=-1 actual=-1 normal=[0. 0. 0.]
PASS public_transformed=False_fast_math=False constant_nonzero_polynomial_miss: expected=-1 actual=-1 normal=[0. 0. 0.]
PASS public_transformed=False_fast_math=False tall_cone_center_exit: expected=0.25 actual=0.25 normal=[0.9922779  0.         0.12403474]
PASS public_transformed=False_fast_math=False squat_cone_center_exit: expected=1 actual=1 normal=[0.44721362 0.         0.89442724]
PASS public_transformed=False_fast_math=False small_cone_center_exit: expected=0.005 actual=0.00499999989 normal=[0.89442724 0.         0.44721362]
PASS public_transformed=False_fast_math=False large_cone_center_exit: expected=5 actual=5 normal=[0.89442724 0.         0.44721362]
PASS public_transformed=False_fast_math=False boundary_side_origin: expected=0 actual=-0 normal=[0.89442724 0.         0.44721362]
PASS public_transformed=False_fast_math=False boundary_base_origin: expected=0 actual=-0 normal=[ 0.  0. -1.]
PASS public_transformed=False_fast_math=False generator_surface_origin: expected=0 actual=0 normal=[0.89442724 0.         0.44721362]
PASS public_transformed=False_fast_math=False generator_from_below: expected=1.11803399 actual=1.11803401 normal=[ 0.  0. -1.]
Module intersect_ray__locals___intersect_ray_kernel_<cache-id> <cache-id> load on device 'cpu' took 0.87 ms  (cached)
PASS public_transformed=False_fast_math=True interior_center_side_x: expected=0.5 actual=0.5 normal=[0.89442724 0.         0.44721362]
PASS public_transformed=False_fast_math=True interior_center_side_y: expected=0.5 actual=0.5 normal=[ 0.         -0.89442724  0.44721362]
PASS public_transformed=False_fast_math=True interior_offset_outward: expected=0.3 actual=0.299999982 normal=[0.89442724 0.         0.44721362]
PASS public_transformed=False_fast_math=True interior_offset_inward: expected=0.7 actual=0.699999988 normal=[-0.89442724  0.          0.44721362]
PASS public_transformed=False_fast_math=True interior_upper_slice: expected=0.25 actual=0.25 normal=[0.89442724 0.         0.44721362]
PASS public_transformed=False_fast_math=True interior_axis_base: expected=1 actual=1 normal=[ 0.  0. -1.]
PASS public_transformed=False_fast_math=True interior_offset_base: expected=1 actual=1 normal=[ 0.  0. -1.]
PASS public_transformed=False_fast_math=True interior_axis_apex: expected=1 actual=1 normal=[0. 0. 1.]
PASS public_transformed=False_fast_math=True interior_offset_ascending: expected=0.5 actual=0.5 normal=[0.89442724 0.         0.44721362]
PASS public_transformed=False_fast_math=True exterior_side_entry: expected=1.5 actual=1.5 normal=[-0.89442724  0.          0.44721362]
PASS public_transformed=False_fast_math=True exterior_base_entry: expected=1 actual=1 normal=[ 0.  0. -1.]
PASS public_transformed=False_fast_math=True exterior_base_before_side: expected=1.25 actual=1.25 normal=[ 0.  0. -1.]
PASS public_transformed=False_fast_math=True exterior_apex_entry: expected=1 actual=1 normal=[0. 0. 1.]
PASS public_transformed=False_fast_math=True exterior_side_after_clipped_root: expected=1.5 actual=1.5 normal=[0.89442724 0.         0.44721362]
PASS public_transformed=False_fast_math=True side_tangent: expected=1 actual=1 normal=[0.         0.89442724 0.44721362]
PASS public_transformed=False_fast_math=True miss_offset: expected=-1 actual=-1 normal=[0. 0. 0.]
PASS public_transformed=False_fast_math=True miss_both_roots_behind: expected=-1 actual=-1 normal=[0. 0. 0.]
PASS public_transformed=False_fast_math=True miss_both_roots_axially_clipped: expected=-1 actual=-1 normal=[0. 0. 0.]
PASS public_transformed=False_fast_math=True linear_interior_side: expected=0.559016994 actual=0.559017003 normal=[0.89442724 0.         0.44721362]
PASS public_transformed=False_fast_math=True linear_interior_base: expected=1.11803399 actual=1.11803401 normal=[ 0.  0. -1.]
PASS public_transformed=False_fast_math=True linear_exterior_side: expected=0.559016994 actual=0.559017003 normal=[0.89442724 0.         0.44721362]
PASS public_transformed=False_fast_math=True linear_exterior_away: expected=-1 actual=-1 normal=[0. 0. 0.]
PASS public_transformed=False_fast_math=True constant_nonzero_polynomial_miss: expected=-1 actual=-1 normal=[0. 0. 0.]
PASS public_transformed=False_fast_math=True tall_cone_center_exit: expected=0.25 actual=0.25 normal=[0.9922779  0.         0.12403474]
PASS public_transformed=False_fast_math=True squat_cone_center_exit: expected=1 actual=1 normal=[0.44721362 0.         0.89442724]
PASS public_transformed=False_fast_math=True small_cone_center_exit: expected=0.005 actual=0.00499999989 normal=[0.89442724 0.         0.44721362]
PASS public_transformed=False_fast_math=True large_cone_center_exit: expected=5 actual=5 normal=[0.89442724 0.         0.44721362]
PASS public_transformed=False_fast_math=True boundary_side_origin: expected=0 actual=-0 normal=[0.89442724 0.         0.44721362]
PASS public_transformed=False_fast_math=True boundary_base_origin: expected=0 actual=-0 normal=[ 0.  0. -1.]
PASS public_transformed=False_fast_math=True generator_surface_origin: expected=0 actual=0 normal=[0.89442724 0.         0.44721362]
PASS public_transformed=False_fast_math=True generator_from_below: expected=1.11803399 actual=1.11803401 normal=[ 0.  0. -1.]
PASS public_transformed=True_fast_math=False interior_center_side_x: expected=0.5 actual=0.5 normal=[ 4.4721359e-01  8.9442724e-01 -2.9802322e-08]
PASS public_transformed=True_fast_math=False interior_center_side_y: expected=0.5 actual=0.5 normal=[ 0.4472136   0.         -0.89442724]
PASS public_transformed=True_fast_math=False interior_offset_outward: expected=0.3 actual=0.300000191 normal=[ 4.4721359e-01  8.9442724e-01 -2.9802322e-08]
PASS public_transformed=True_fast_math=False interior_offset_inward: expected=0.7 actual=0.699999809 normal=[ 0.44721362 -0.89442724  0.        ]
PASS public_transformed=True_fast_math=False interior_upper_slice: expected=0.25 actual=0.25 normal=[ 4.4721359e-01  8.9442724e-01 -2.9802322e-08]
PASS public_transformed=True_fast_math=False interior_axis_base: expected=1 actual=1 normal=[-1.  0.  0.]
PASS public_transformed=True_fast_math=False interior_offset_base: expected=1 actual=1 normal=[-1.  0.  0.]
PASS public_transformed=True_fast_math=False interior_axis_apex: expected=1 actual=1 normal=[1. 0. 0.]
PASS public_transformed=True_fast_math=False interior_offset_ascending: expected=0.5 actual=0.5 normal=[ 4.4721359e-01  8.9442724e-01 -2.9802322e-08]
PASS public_transformed=True_fast_math=False exterior_side_entry: expected=1.5 actual=1.5 normal=[ 0.44721362 -0.89442724  0.        ]
PASS public_transformed=True_fast_math=False exterior_base_entry: expected=1 actual=1 normal=[-1.  0.  0.]
PASS public_transformed=True_fast_math=False exterior_base_before_side: expected=1.25 actual=1.24999988 normal=[-1.  0.  0.]
PASS public_transformed=True_fast_math=False exterior_apex_entry: expected=1 actual=1 normal=[1. 0. 0.]
PASS public_transformed=True_fast_math=False exterior_side_after_clipped_root: expected=1.5 actual=1.5 normal=[ 4.4721359e-01  8.9442724e-01 -2.9802322e-08]
PASS public_transformed=True_fast_math=False side_tangent: expected=1 actual=1 normal=[ 4.4721362e-01 -1.4901163e-08  8.9442724e-01]
PASS public_transformed=True_fast_math=False miss_offset: expected=-1 actual=-1 normal=[0. 0. 0.]
PASS public_transformed=True_fast_math=False miss_both_roots_behind: expected=-1 actual=-1 normal=[0. 0. 0.]
PASS public_transformed=True_fast_math=False miss_both_roots_axially_clipped: expected=-1 actual=-1 normal=[0. 0. 0.]
PASS public_transformed=True_fast_math=False linear_interior_side: expected=0.559016994 actual=0.559017003 normal=[ 4.4721359e-01  8.9442718e-01 -5.9604638e-08]
PASS public_transformed=True_fast_math=False linear_interior_base: expected=1.11803399 actual=1.11803401 normal=[-1.  0.  0.]
PASS public_transformed=True_fast_math=False linear_exterior_side: expected=0.559016994 actual=0.559017003 normal=[ 4.4721359e-01  8.9442724e-01 -2.9802322e-08]
PASS public_transformed=True_fast_math=False linear_exterior_away: expected=-1 actual=-1 normal=[0. 0. 0.]
PASS public_transformed=True_fast_math=False constant_nonzero_polynomial_miss: expected=-1 actual=-1 normal=[0. 0. 0.]
PASS public_transformed=True_fast_math=False tall_cone_center_exit: expected=0.25 actual=0.25 normal=[ 1.24034725e-01  9.92277920e-01 -2.98023259e-08]
PASS public_transformed=True_fast_math=False squat_cone_center_exit: expected=1 actual=1 normal=[ 8.9442724e-01  4.4721362e-01 -1.4901163e-08]
PASS public_transformed=True_fast_math=False small_cone_center_exit: expected=0.005 actual=0.00499999989 normal=[ 4.4721359e-01  8.9442724e-01 -2.9802322e-08]
PASS public_transformed=True_fast_math=False large_cone_center_exit: expected=5 actual=5 normal=[ 4.4721359e-01  8.9442724e-01 -2.9802322e-08]
PASS public_transformed=True_fast_math=False boundary_side_origin: expected=0 actual=-0 normal=[ 4.4721359e-01  8.9442724e-01 -2.9802322e-08]
PASS public_transformed=True_fast_math=False boundary_base_origin: expected=0 actual=-0 normal=[-1.  0.  0.]
PASS public_transformed=True_fast_math=False generator_surface_origin: expected=0 actual=0 normal=[ 4.4721359e-01  8.9442724e-01 -2.9802322e-08]
PASS public_transformed=True_fast_math=False generator_from_below: expected=1.11803399 actual=1.11803401 normal=[-1.  0.  0.]
PASS public_transformed=True_fast_math=True interior_center_side_x: expected=0.5 actual=0.5 normal=[ 4.4721359e-01  8.9442724e-01 -2.9802322e-08]
PASS public_transformed=True_fast_math=True interior_center_side_y: expected=0.5 actual=0.5 normal=[ 0.4472136   0.         -0.89442724]
PASS public_transformed=True_fast_math=True interior_offset_outward: expected=0.3 actual=0.300000191 normal=[ 4.4721359e-01  8.9442724e-01 -2.9802322e-08]
PASS public_transformed=True_fast_math=True interior_offset_inward: expected=0.7 actual=0.699999809 normal=[ 0.44721362 -0.89442724  0.        ]
PASS public_transformed=True_fast_math=True interior_upper_slice: expected=0.25 actual=0.25 normal=[ 4.4721359e-01  8.9442724e-01 -2.9802322e-08]
PASS public_transformed=True_fast_math=True interior_axis_base: expected=1 actual=1 normal=[-1.  0.  0.]
PASS public_transformed=True_fast_math=True interior_offset_base: expected=1 actual=1 normal=[-1.  0.  0.]
PASS public_transformed=True_fast_math=True interior_axis_apex: expected=1 actual=1 normal=[1. 0. 0.]
PASS public_transformed=True_fast_math=True interior_offset_ascending: expected=0.5 actual=0.5 normal=[ 4.4721359e-01  8.9442724e-01 -2.9802322e-08]
PASS public_transformed=True_fast_math=True exterior_side_entry: expected=1.5 actual=1.5 normal=[ 0.44721362 -0.89442724  0.        ]
PASS public_transformed=True_fast_math=True exterior_base_entry: expected=1 actual=1 normal=[-1.  0.  0.]
PASS public_transformed=True_fast_math=True exterior_base_before_side: expected=1.25 actual=1.24999988 normal=[-1.  0.  0.]
PASS public_transformed=True_fast_math=True exterior_apex_entry: expected=1 actual=1 normal=[1. 0. 0.]
PASS public_transformed=True_fast_math=True exterior_side_after_clipped_root: expected=1.5 actual=1.5 normal=[ 4.4721359e-01  8.9442724e-01 -2.9802322e-08]
PASS public_transformed=True_fast_math=True side_tangent: expected=1 actual=1 normal=[ 4.4721362e-01 -1.4901163e-08  8.9442724e-01]
PASS public_transformed=True_fast_math=True miss_offset: expected=-1 actual=-1 normal=[0. 0. 0.]
PASS public_transformed=True_fast_math=True miss_both_roots_behind: expected=-1 actual=-1 normal=[0. 0. 0.]
PASS public_transformed=True_fast_math=True miss_both_roots_axially_clipped: expected=-1 actual=-1 normal=[0. 0. 0.]
PASS public_transformed=True_fast_math=True linear_interior_side: expected=0.559016994 actual=0.559017003 normal=[ 4.4721359e-01  8.9442718e-01 -5.9604638e-08]
PASS public_transformed=True_fast_math=True linear_interior_base: expected=1.11803399 actual=1.11803401 normal=[-1.  0.  0.]
PASS public_transformed=True_fast_math=True linear_exterior_side: expected=0.559016994 actual=0.559017003 normal=[ 4.4721359e-01  8.9442724e-01 -2.9802322e-08]
PASS public_transformed=True_fast_math=True linear_exterior_away: expected=-1 actual=-1 normal=[0. 0. 0.]
PASS public_transformed=True_fast_math=True constant_nonzero_polynomial_miss: expected=-1 actual=-1 normal=[0. 0. 0.]
PASS public_transformed=True_fast_math=True tall_cone_center_exit: expected=0.25 actual=0.25 normal=[ 1.24034725e-01  9.92277920e-01 -2.98023259e-08]
PASS public_transformed=True_fast_math=True squat_cone_center_exit: expected=1 actual=1 normal=[ 8.9442724e-01  4.4721362e-01 -1.4901163e-08]
PASS public_transformed=True_fast_math=True small_cone_center_exit: expected=0.005 actual=0.00499999989 normal=[ 4.4721359e-01  8.9442724e-01 -2.9802322e-08]
PASS public_transformed=True_fast_math=True large_cone_center_exit: expected=5 actual=5 normal=[ 4.4721359e-01  8.9442724e-01 -2.9802322e-08]
PASS public_transformed=True_fast_math=True boundary_side_origin: expected=0 actual=-0 normal=[ 4.4721359e-01  8.9442724e-01 -2.9802322e-08]
PASS public_transformed=True_fast_math=True boundary_base_origin: expected=0 actual=-0 normal=[-1.  0.  0.]
PASS public_transformed=True_fast_math=True generator_surface_origin: expected=0 actual=0 normal=[ 4.4721359e-01  8.9442724e-01 -2.9802322e-08]
PASS public_transformed=True_fast_math=True generator_from_below: expected=1.11803399 actual=1.11803401 normal=[-1.  0.  0.]
SUMMARY: 155/155 checks passed; 0 failed
