Warp CUDA warning: Could not find or load the NVIDIA CUDA driver. GPU execution will not be available.
Warp 1.18.0 initialized:
   CUDA Toolkit 13.4, CUDA driver not available (NVRTC compilation available)
   Devices:
     "cpu"      : "CPU"
   Kernel cache:
     <warp-cache>
Newton <rejected-candidate-checkout>/newton/__init__.py
Module cone_contract <cache-id> load on device 'cpu' took 3.58 ms  (cached)
FAIL {"path": "helper", "case": "rotated_near_generator_p18_angle1_insideTrue", "origin": [0.4903889000415802, 0.09754441678524017, 0.0], "direction": [-0.43862050771713257, -0.08724704384803772, 0.8944271802902222], "expected": 1.1180297367988603, "actual": 1.1083487272262573, "passed": false}
FAIL {"path": "helper", "case": "rotated_near_generator_p18_angle2_insideFalse", "origin": [0.46194329857826233, 0.19134317338466644, 0.0], "direction": [-0.4131714999675751, -0.17114123702049255, 0.8944271802902222], "expected": -1.0, "actual": 1.1083570718765259, "passed": false}
FAIL {"path": "helper", "case": "rotated_near_generator_p18_angle4_insideFalse", "origin": [0.3535560965538025, 0.3535560965538025, 0.0], "direction": [-0.3162277638912201, -0.3162277638912201, 0.8944271802902222], "expected": -1.0, "actual": 1.1083570718765259, "passed": false}
FAIL {"path": "helper", "case": "rotated_near_generator_p18_angle6_insideFalse", "origin": [0.19134317338466644, 0.46194329857826233, 0.0], "direction": [-0.17114123702049255, -0.4131714999675751, 0.8944271802902222], "expected": -1.0, "actual": 1.1083570718765259, "passed": false}
FAIL {"path": "helper", "case": "rotated_near_generator_p18_angle7_insideTrue", "origin": [0.09754441678524017, 0.4903889000415802, 0.0], "direction": [-0.08724704384803772, -0.43862050771713257, 0.8944271802902222], "expected": 1.1180297367988603, "actual": 1.1083487272262573, "passed": false}
FAIL {"path": "helper", "case": "rotated_near_generator_p18_angle9_insideTrue", "origin": [-0.09754441678524017, 0.4903889000415802, 0.0], "direction": [0.08724704384803772, -0.43862050771713257, 0.8944271802902222], "expected": 1.1180297367988603, "actual": 1.1083487272262573, "passed": false}
FAIL {"path": "helper", "case": "rotated_near_generator_p18_angle10_insideFalse", "origin": [-0.19134317338466644, 0.46194329857826233, 0.0], "direction": [0.17114123702049255, -0.4131714999675751, 0.8944271802902222], "expected": -1.0, "actual": 1.1083570718765259, "passed": false}
FAIL {"path": "helper", "case": "rotated_near_generator_p18_angle12_insideFalse", "origin": [-0.3535560965538025, 0.3535560965538025, 0.0], "direction": [0.3162277638912201, -0.3162277638912201, 0.8944271802902222], "expected": -1.0, "actual": 1.1083570718765259, "passed": false}
FAIL {"path": "helper", "case": "rotated_near_generator_p18_angle14_insideFalse", "origin": [-0.46194329857826233, 0.19134317338466644, 0.0], "direction": [0.4131714999675751, -0.17114123702049255, 0.8944271802902222], "expected": -1.0, "actual": 1.1083570718765259, "passed": false}
FAIL {"path": "helper", "case": "rotated_near_generator_p18_angle15_insideTrue", "origin": [-0.4903889000415802, 0.09754441678524017, 0.0], "direction": [0.43862050771713257, -0.08724704384803772, 0.8944271802902222], "expected": 1.1180297367988603, "actual": 1.1083487272262573, "passed": false}
FAIL {"path": "helper", "case": "rotated_near_generator_p18_angle17_insideTrue", "origin": [-0.4903889000415802, -0.09754441678524017, 0.0], "direction": [0.43862050771713257, 0.08724704384803772, 0.8944271802902222], "expected": 1.1180297367988603, "actual": 1.1083487272262573, "passed": false}
FAIL {"path": "helper", "case": "rotated_near_generator_p18_angle18_insideFalse", "origin": [-0.46194329857826233, -0.19134317338466644, 0.0], "direction": [0.4131714999675751, 0.17114123702049255, 0.8944271802902222], "expected": -1.0, "actual": 1.1083570718765259, "passed": false}
FAIL {"path": "helper", "case": "rotated_near_generator_p18_angle20_insideFalse", "origin": [-0.3535560965538025, -0.3535560965538025, 0.0], "direction": [0.3162277638912201, 0.3162277638912201, 0.8944271802902222], "expected": -1.0, "actual": 1.1083570718765259, "passed": false}
FAIL {"path": "helper", "case": "rotated_near_generator_p18_angle22_insideFalse", "origin": [-0.19134317338466644, -0.46194329857826233, 0.0], "direction": [0.17114123702049255, 0.4131714999675751, 0.8944271802902222], "expected": -1.0, "actual": 1.1083570718765259, "passed": false}
FAIL {"path": "helper", "case": "rotated_near_generator_p18_angle23_insideTrue", "origin": [-0.09754441678524017, -0.4903889000415802, 0.0], "direction": [0.08724704384803772, 0.43862050771713257, 0.8944271802902222], "expected": 1.1180297367988603, "actual": 1.1083487272262573, "passed": false}
FAIL {"path": "helper", "case": "rotated_near_generator_p18_angle25_insideTrue", "origin": [0.09754441678524017, -0.4903889000415802, 0.0], "direction": [-0.08724704384803772, 0.43862050771713257, 0.8944271802902222], "expected": 1.1180297367988603, "actual": 1.1083487272262573, "passed": false}
FAIL {"path": "helper", "case": "rotated_near_generator_p18_angle26_insideFalse", "origin": [0.19134317338466644, -0.46194329857826233, 0.0], "direction": [-0.17114123702049255, 0.4131714999675751, 0.8944271802902222], "expected": -1.0, "actual": 1.1083570718765259, "passed": false}
FAIL {"path": "helper", "case": "rotated_near_generator_p18_angle28_insideFalse", "origin": [0.3535560965538025, -0.3535560965538025, 0.0], "direction": [-0.3162277638912201, 0.3162277638912201, 0.8944271802902222], "expected": -1.0, "actual": 1.1083570718765259, "passed": false}
FAIL {"path": "helper", "case": "rotated_near_generator_p18_angle30_insideFalse", "origin": [0.46194329857826233, -0.19134317338466644, 0.0], "direction": [-0.4131714999675751, 0.17114123702049255, 0.8944271802902222], "expected": -1.0, "actual": 1.1083570718765259, "passed": false}
FAIL {"path": "helper", "case": "rotated_near_generator_p18_angle31_insideTrue", "origin": [0.4903889000415802, -0.09754441678524017, 0.0], "direction": [-0.43862050771713257, 0.08724704384803772, 0.8944271802902222], "expected": 1.1180297367988603, "actual": 1.1083487272262573, "passed": false}
FAIL {"path": "helper", "case": "rotated_near_generator_p22_angle1_insideTrue", "origin": [0.49039241671562195, 0.09754511713981628, 0.0], "direction": [-0.43862050771713257, -0.08724704384803772, 0.8944271802902222], "expected": 1.1180337457717204, "actual": -1.0, "passed": false}
FAIL {"path": "helper", "case": "rotated_near_generator_p22_angle2_insideTrue", "origin": [0.4619395434856415, 0.19134162366390228, 0.0], "direction": [-0.4131714999675751, -0.17114123702049255, 0.8944271802902222], "expected": 1.118033709817258, "actual": -1.0, "passed": false}
FAIL {"path": "helper", "case": "rotated_near_generator_p22_angle2_insideFalse", "origin": [0.4619399905204773, 0.1913418024778366, 0.0], "direction": [-0.4131714999675751, -0.17114123702049255, 0.8944271802902222], "expected": -1.0, "actual": 0.9809431433677673, "passed": false}
FAIL {"path": "helper", "case": "rotated_near_generator_p22_angle3_insideTrue", "origin": [0.4157346189022064, 0.27778497338294983, 0.0], "direction": [-0.37184450030326843, -0.24845856428146362, 0.8944271802902222], "expected": 1.118033742190338, "actual": 0.9809429049491882, "passed": false}
FAIL {"path": "helper", "case": "rotated_near_generator_p22_angle5_insideTrue", "origin": [0.27778497338294983, 0.4157346189022064, 0.0], "direction": [-0.24845856428146362, -0.37184450030326843, 0.8944271802902222], "expected": 1.118033742190338, "actual": 0.9809429049491882, "passed": false}
FAIL {"path": "helper", "case": "rotated_near_generator_p22_angle6_insideTrue", "origin": [0.19134162366390228, 0.4619395434856415, 0.0], "direction": [-0.17114123702049255, -0.4131714999675751, 0.8944271802902222], "expected": 1.118033709817258, "actual": -1.0, "passed": false}
FAIL {"path": "helper", "case": "rotated_near_generator_p22_angle6_insideFalse", "origin": [0.1913418024778366, 0.4619399905204773, 0.0], "direction": [-0.17114123702049255, -0.4131714999675751, 0.8944271802902222], "expected": -1.0, "actual": 0.9809431433677673, "passed": false}
FAIL {"path": "helper", "case": "rotated_near_generator_p22_angle7_insideTrue", "origin": [0.09754511713981628, 0.49039241671562195, 0.0], "direction": [-0.08724704384803772, -0.43862050771713257, 0.8944271802902222], "expected": 1.1180337457717204, "actual": -1.0, "passed": false}
FAIL {"path": "helper", "case": "rotated_near_generator_p22_angle9_insideTrue", "origin": [-0.09754511713981628, 0.49039241671562195, 0.0], "direction": [0.08724704384803772, -0.43862050771713257, 0.8944271802902222], "expected": 1.1180337457717204, "actual": -1.0, "passed": false}
FAIL {"path": "helper", "case": "rotated_near_generator_p22_angle10_insideTrue", "origin": [-0.19134162366390228, 0.4619395434856415, 0.0], "direction": [0.17114123702049255, -0.4131714999675751, 0.8944271802902222], "expected": 1.118033709817258, "actual": -1.0, "passed": false}
FAIL {"path": "helper", "case": "rotated_near_generator_p22_angle10_insideFalse", "origin": [-0.1913418024778366, 0.4619399905204773, 0.0], "direction": [0.17114123702049255, -0.4131714999675751, 0.8944271802902222], "expected": -1.0, "actual": 0.9809431433677673, "passed": false}
FAIL {"path": "helper", "case": "rotated_near_generator_p22_angle11_insideTrue", "origin": [-0.27778497338294983, 0.4157346189022064, 0.0], "direction": [0.24845856428146362, -0.37184450030326843, 0.8944271802902222], "expected": 1.118033742190338, "actual": 0.9809429049491882, "passed": false}
FAIL {"path": "helper", "case": "rotated_near_generator_p22_angle13_insideTrue", "origin": [-0.4157346189022064, 0.27778497338294983, 0.0], "direction": [0.37184450030326843, -0.24845856428146362, 0.8944271802902222], "expected": 1.118033742190338, "actual": 0.9809429049491882, "passed": false}
FAIL {"path": "helper", "case": "rotated_near_generator_p22_angle14_insideTrue", "origin": [-0.4619395434856415, 0.19134162366390228, 0.0], "direction": [0.4131714999675751, -0.17114123702049255, 0.8944271802902222], "expected": 1.118033709817258, "actual": -1.0, "passed": false}
FAIL {"path": "helper", "case": "rotated_near_generator_p22_angle14_insideFalse", "origin": [-0.4619399905204773, 0.1913418024778366, 0.0], "direction": [0.4131714999675751, -0.17114123702049255, 0.8944271802902222], "expected": -1.0, "actual": 0.9809431433677673, "passed": false}
FAIL {"path": "helper", "case": "rotated_near_generator_p22_angle15_insideTrue", "origin": [-0.49039241671562195, 0.09754511713981628, 0.0], "direction": [0.43862050771713257, -0.08724704384803772, 0.8944271802902222], "expected": 1.1180337457717204, "actual": -1.0, "passed": false}
FAIL {"path": "helper", "case": "rotated_near_generator_p22_angle17_insideTrue", "origin": [-0.49039241671562195, -0.09754511713981628, 0.0], "direction": [0.43862050771713257, 0.08724704384803772, 0.8944271802902222], "expected": 1.1180337457717204, "actual": -1.0, "passed": false}
FAIL {"path": "helper", "case": "rotated_near_generator_p22_angle18_insideTrue", "origin": [-0.4619395434856415, -0.19134162366390228, 0.0], "direction": [0.4131714999675751, 0.17114123702049255, 0.8944271802902222], "expected": 1.118033709817258, "actual": -1.0, "passed": false}
FAIL {"path": "helper", "case": "rotated_near_generator_p22_angle18_insideFalse", "origin": [-0.4619399905204773, -0.1913418024778366, 0.0], "direction": [0.4131714999675751, 0.17114123702049255, 0.8944271802902222], "expected": -1.0, "actual": 0.9809431433677673, "passed": false}
FAIL {"path": "helper", "case": "rotated_near_generator_p22_angle19_insideTrue", "origin": [-0.4157346189022064, -0.27778497338294983, 0.0], "direction": [0.37184450030326843, 0.24845856428146362, 0.8944271802902222], "expected": 1.118033742190338, "actual": 0.9809429049491882, "passed": false}
FAIL {"path": "helper", "case": "rotated_near_generator_p22_angle21_insideTrue", "origin": [-0.27778497338294983, -0.4157346189022064, 0.0], "direction": [0.24845856428146362, 0.37184450030326843, 0.8944271802902222], "expected": 1.118033742190338, "actual": 0.9809429049491882, "passed": false}
FAIL {"path": "helper", "case": "rotated_near_generator_p22_angle22_insideTrue", "origin": [-0.19134162366390228, -0.4619395434856415, 0.0], "direction": [0.17114123702049255, 0.4131714999675751, 0.8944271802902222], "expected": 1.118033709817258, "actual": -1.0, "passed": false}
FAIL {"path": "helper", "case": "rotated_near_generator_p22_angle22_insideFalse", "origin": [-0.1913418024778366, -0.4619399905204773, 0.0], "direction": [0.17114123702049255, 0.4131714999675751, 0.8944271802902222], "expected": -1.0, "actual": 0.9809431433677673, "passed": false}
FAIL {"path": "helper", "case": "rotated_near_generator_p22_angle23_insideTrue", "origin": [-0.09754511713981628, -0.49039241671562195, 0.0], "direction": [0.08724704384803772, 0.43862050771713257, 0.8944271802902222], "expected": 1.1180337457717204, "actual": -1.0, "passed": false}
FAIL {"path": "helper", "case": "rotated_near_generator_p22_angle25_insideTrue", "origin": [0.09754511713981628, -0.49039241671562195, 0.0], "direction": [-0.08724704384803772, 0.43862050771713257, 0.8944271802902222], "expected": 1.1180337457717204, "actual": -1.0, "passed": false}
FAIL {"path": "helper", "case": "rotated_near_generator_p22_angle26_insideTrue", "origin": [0.19134162366390228, -0.4619395434856415, 0.0], "direction": [-0.17114123702049255, 0.4131714999675751, 0.8944271802902222], "expected": 1.118033709817258, "actual": -1.0, "passed": false}
FAIL {"path": "helper", "case": "rotated_near_generator_p22_angle26_insideFalse", "origin": [0.1913418024778366, -0.4619399905204773, 0.0], "direction": [-0.17114123702049255, 0.4131714999675751, 0.8944271802902222], "expected": -1.0, "actual": 0.9809431433677673, "passed": false}
FAIL {"path": "helper", "case": "rotated_near_generator_p22_angle27_insideTrue", "origin": [0.27778497338294983, -0.4157346189022064, 0.0], "direction": [-0.24845856428146362, 0.37184450030326843, 0.8944271802902222], "expected": 1.118033742190338, "actual": 0.9809429049491882, "passed": false}
FAIL {"path": "helper", "case": "rotated_near_generator_p22_angle29_insideTrue", "origin": [0.4157346189022064, -0.27778497338294983, 0.0], "direction": [-0.37184450030326843, 0.24845856428146362, 0.8944271802902222], "expected": 1.118033742190338, "actual": 0.9809429049491882, "passed": false}
FAIL {"path": "helper", "case": "rotated_near_generator_p22_angle30_insideTrue", "origin": [0.4619395434856415, -0.19134162366390228, 0.0], "direction": [-0.4131714999675751, 0.17114123702049255, 0.8944271802902222], "expected": 1.118033709817258, "actual": -1.0, "passed": false}
FAIL {"path": "helper", "case": "rotated_near_generator_p22_angle30_insideFalse", "origin": [0.4619399905204773, -0.1913418024778366, 0.0], "direction": [-0.4131714999675751, 0.17114123702049255, 0.8944271802902222], "expected": -1.0, "actual": 0.9809431433677673, "passed": false}
FAIL {"path": "helper", "case": "rotated_near_generator_p22_angle31_insideTrue", "origin": [0.49039241671562195, -0.09754511713981628, 0.0], "direction": [-0.43862050771713257, 0.08724704384803772, 0.8944271802902222], "expected": 1.1180337457717204, "actual": -1.0, "passed": false}
helper 204/256 passed
Module newton._src.geometry.bvh <cache-id> load on device 'cpu' took 0.44 ms  (cached)
Module intersect_ray__locals___intersect_ray_kernel_<cache-id> <cache-id> load on device 'cpu' took 3378.07 ms  (compiled)
FAIL {"path": "public_fast_math=False", "case": "rotated_near_generator_p18_angle1_insideTrue", "origin": [0.4903889000415802, 0.09754441678524017, 0.0], "direction": [-0.43862050771713257, -0.08724704384803772, 0.8944271802902222], "expected": 1.1180297367988603, "actual": 1.1083487272262573, "passed": false}
FAIL {"path": "public_fast_math=False", "case": "rotated_near_generator_p18_angle2_insideFalse", "origin": [0.46194329857826233, 0.19134317338466644, 0.0], "direction": [-0.4131714999675751, -0.17114123702049255, 0.8944271802902222], "expected": -1.0, "actual": 1.1083570718765259, "passed": false}
FAIL {"path": "public_fast_math=False", "case": "rotated_near_generator_p18_angle4_insideFalse", "origin": [0.3535560965538025, 0.3535560965538025, 0.0], "direction": [-0.3162277638912201, -0.3162277638912201, 0.8944271802902222], "expected": -1.0, "actual": 1.1083570718765259, "passed": false}
FAIL {"path": "public_fast_math=False", "case": "rotated_near_generator_p18_angle6_insideFalse", "origin": [0.19134317338466644, 0.46194329857826233, 0.0], "direction": [-0.17114123702049255, -0.4131714999675751, 0.8944271802902222], "expected": -1.0, "actual": 1.1083570718765259, "passed": false}
FAIL {"path": "public_fast_math=False", "case": "rotated_near_generator_p18_angle7_insideTrue", "origin": [0.09754441678524017, 0.4903889000415802, 0.0], "direction": [-0.08724704384803772, -0.43862050771713257, 0.8944271802902222], "expected": 1.1180297367988603, "actual": 1.1083487272262573, "passed": false}
FAIL {"path": "public_fast_math=False", "case": "rotated_near_generator_p18_angle9_insideTrue", "origin": [-0.09754441678524017, 0.4903889000415802, 0.0], "direction": [0.08724704384803772, -0.43862050771713257, 0.8944271802902222], "expected": 1.1180297367988603, "actual": 1.1083487272262573, "passed": false}
FAIL {"path": "public_fast_math=False", "case": "rotated_near_generator_p18_angle10_insideFalse", "origin": [-0.19134317338466644, 0.46194329857826233, 0.0], "direction": [0.17114123702049255, -0.4131714999675751, 0.8944271802902222], "expected": -1.0, "actual": 1.1083570718765259, "passed": false}
FAIL {"path": "public_fast_math=False", "case": "rotated_near_generator_p18_angle12_insideFalse", "origin": [-0.3535560965538025, 0.3535560965538025, 0.0], "direction": [0.3162277638912201, -0.3162277638912201, 0.8944271802902222], "expected": -1.0, "actual": 1.1083570718765259, "passed": false}
FAIL {"path": "public_fast_math=False", "case": "rotated_near_generator_p18_angle14_insideFalse", "origin": [-0.46194329857826233, 0.19134317338466644, 0.0], "direction": [0.4131714999675751, -0.17114123702049255, 0.8944271802902222], "expected": -1.0, "actual": 1.1083570718765259, "passed": false}
FAIL {"path": "public_fast_math=False", "case": "rotated_near_generator_p18_angle15_insideTrue", "origin": [-0.4903889000415802, 0.09754441678524017, 0.0], "direction": [0.43862050771713257, -0.08724704384803772, 0.8944271802902222], "expected": 1.1180297367988603, "actual": 1.1083487272262573, "passed": false}
FAIL {"path": "public_fast_math=False", "case": "rotated_near_generator_p18_angle17_insideTrue", "origin": [-0.4903889000415802, -0.09754441678524017, 0.0], "direction": [0.43862050771713257, 0.08724704384803772, 0.8944271802902222], "expected": 1.1180297367988603, "actual": 1.1083487272262573, "passed": false}
FAIL {"path": "public_fast_math=False", "case": "rotated_near_generator_p18_angle18_insideFalse", "origin": [-0.46194329857826233, -0.19134317338466644, 0.0], "direction": [0.4131714999675751, 0.17114123702049255, 0.8944271802902222], "expected": -1.0, "actual": 1.1083570718765259, "passed": false}
FAIL {"path": "public_fast_math=False", "case": "rotated_near_generator_p18_angle20_insideFalse", "origin": [-0.3535560965538025, -0.3535560965538025, 0.0], "direction": [0.3162277638912201, 0.3162277638912201, 0.8944271802902222], "expected": -1.0, "actual": 1.1083570718765259, "passed": false}
FAIL {"path": "public_fast_math=False", "case": "rotated_near_generator_p18_angle22_insideFalse", "origin": [-0.19134317338466644, -0.46194329857826233, 0.0], "direction": [0.17114123702049255, 0.4131714999675751, 0.8944271802902222], "expected": -1.0, "actual": 1.1083570718765259, "passed": false}
FAIL {"path": "public_fast_math=False", "case": "rotated_near_generator_p18_angle23_insideTrue", "origin": [-0.09754441678524017, -0.4903889000415802, 0.0], "direction": [0.08724704384803772, 0.43862050771713257, 0.8944271802902222], "expected": 1.1180297367988603, "actual": 1.1083487272262573, "passed": false}
FAIL {"path": "public_fast_math=False", "case": "rotated_near_generator_p18_angle25_insideTrue", "origin": [0.09754441678524017, -0.4903889000415802, 0.0], "direction": [-0.08724704384803772, 0.43862050771713257, 0.8944271802902222], "expected": 1.1180297367988603, "actual": 1.1083487272262573, "passed": false}
FAIL {"path": "public_fast_math=False", "case": "rotated_near_generator_p18_angle26_insideFalse", "origin": [0.19134317338466644, -0.46194329857826233, 0.0], "direction": [-0.17114123702049255, 0.4131714999675751, 0.8944271802902222], "expected": -1.0, "actual": 1.1083570718765259, "passed": false}
FAIL {"path": "public_fast_math=False", "case": "rotated_near_generator_p18_angle28_insideFalse", "origin": [0.3535560965538025, -0.3535560965538025, 0.0], "direction": [-0.3162277638912201, 0.3162277638912201, 0.8944271802902222], "expected": -1.0, "actual": 1.1083570718765259, "passed": false}
FAIL {"path": "public_fast_math=False", "case": "rotated_near_generator_p18_angle30_insideFalse", "origin": [0.46194329857826233, -0.19134317338466644, 0.0], "direction": [-0.4131714999675751, 0.17114123702049255, 0.8944271802902222], "expected": -1.0, "actual": 1.1083570718765259, "passed": false}
FAIL {"path": "public_fast_math=False", "case": "rotated_near_generator_p18_angle31_insideTrue", "origin": [0.4903889000415802, -0.09754441678524017, 0.0], "direction": [-0.43862050771713257, 0.08724704384803772, 0.8944271802902222], "expected": 1.1180297367988603, "actual": 1.1083487272262573, "passed": false}
FAIL {"path": "public_fast_math=False", "case": "rotated_near_generator_p22_angle1_insideTrue", "origin": [0.49039241671562195, 0.09754511713981628, 0.0], "direction": [-0.43862050771713257, -0.08724704384803772, 0.8944271802902222], "expected": 1.1180337457717204, "actual": -1.0, "passed": false}
FAIL {"path": "public_fast_math=False", "case": "rotated_near_generator_p22_angle2_insideTrue", "origin": [0.4619395434856415, 0.19134162366390228, 0.0], "direction": [-0.4131714999675751, -0.17114123702049255, 0.8944271802902222], "expected": 1.118033709817258, "actual": -1.0, "passed": false}
FAIL {"path": "public_fast_math=False", "case": "rotated_near_generator_p22_angle2_insideFalse", "origin": [0.4619399905204773, 0.1913418024778366, 0.0], "direction": [-0.4131714999675751, -0.17114123702049255, 0.8944271802902222], "expected": -1.0, "actual": 0.9809431433677673, "passed": false}
FAIL {"path": "public_fast_math=False", "case": "rotated_near_generator_p22_angle3_insideTrue", "origin": [0.4157346189022064, 0.27778497338294983, 0.0], "direction": [-0.37184450030326843, -0.24845856428146362, 0.8944271802902222], "expected": 1.118033742190338, "actual": 0.9809429049491882, "passed": false}
FAIL {"path": "public_fast_math=False", "case": "rotated_near_generator_p22_angle5_insideTrue", "origin": [0.27778497338294983, 0.4157346189022064, 0.0], "direction": [-0.24845856428146362, -0.37184450030326843, 0.8944271802902222], "expected": 1.118033742190338, "actual": 0.9809429049491882, "passed": false}
FAIL {"path": "public_fast_math=False", "case": "rotated_near_generator_p22_angle6_insideTrue", "origin": [0.19134162366390228, 0.4619395434856415, 0.0], "direction": [-0.17114123702049255, -0.4131714999675751, 0.8944271802902222], "expected": 1.118033709817258, "actual": -1.0, "passed": false}
FAIL {"path": "public_fast_math=False", "case": "rotated_near_generator_p22_angle6_insideFalse", "origin": [0.1913418024778366, 0.4619399905204773, 0.0], "direction": [-0.17114123702049255, -0.4131714999675751, 0.8944271802902222], "expected": -1.0, "actual": 0.9809431433677673, "passed": false}
FAIL {"path": "public_fast_math=False", "case": "rotated_near_generator_p22_angle7_insideTrue", "origin": [0.09754511713981628, 0.49039241671562195, 0.0], "direction": [-0.08724704384803772, -0.43862050771713257, 0.8944271802902222], "expected": 1.1180337457717204, "actual": -1.0, "passed": false}
FAIL {"path": "public_fast_math=False", "case": "rotated_near_generator_p22_angle9_insideTrue", "origin": [-0.09754511713981628, 0.49039241671562195, 0.0], "direction": [0.08724704384803772, -0.43862050771713257, 0.8944271802902222], "expected": 1.1180337457717204, "actual": -1.0, "passed": false}
FAIL {"path": "public_fast_math=False", "case": "rotated_near_generator_p22_angle10_insideTrue", "origin": [-0.19134162366390228, 0.4619395434856415, 0.0], "direction": [0.17114123702049255, -0.4131714999675751, 0.8944271802902222], "expected": 1.118033709817258, "actual": -1.0, "passed": false}
FAIL {"path": "public_fast_math=False", "case": "rotated_near_generator_p22_angle10_insideFalse", "origin": [-0.1913418024778366, 0.4619399905204773, 0.0], "direction": [0.17114123702049255, -0.4131714999675751, 0.8944271802902222], "expected": -1.0, "actual": 0.9809431433677673, "passed": false}
FAIL {"path": "public_fast_math=False", "case": "rotated_near_generator_p22_angle11_insideTrue", "origin": [-0.27778497338294983, 0.4157346189022064, 0.0], "direction": [0.24845856428146362, -0.37184450030326843, 0.8944271802902222], "expected": 1.118033742190338, "actual": 0.9809429049491882, "passed": false}
FAIL {"path": "public_fast_math=False", "case": "rotated_near_generator_p22_angle13_insideTrue", "origin": [-0.4157346189022064, 0.27778497338294983, 0.0], "direction": [0.37184450030326843, -0.24845856428146362, 0.8944271802902222], "expected": 1.118033742190338, "actual": 0.9809429049491882, "passed": false}
FAIL {"path": "public_fast_math=False", "case": "rotated_near_generator_p22_angle14_insideTrue", "origin": [-0.4619395434856415, 0.19134162366390228, 0.0], "direction": [0.4131714999675751, -0.17114123702049255, 0.8944271802902222], "expected": 1.118033709817258, "actual": -1.0, "passed": false}
FAIL {"path": "public_fast_math=False", "case": "rotated_near_generator_p22_angle14_insideFalse", "origin": [-0.4619399905204773, 0.1913418024778366, 0.0], "direction": [0.4131714999675751, -0.17114123702049255, 0.8944271802902222], "expected": -1.0, "actual": 0.9809431433677673, "passed": false}
FAIL {"path": "public_fast_math=False", "case": "rotated_near_generator_p22_angle15_insideTrue", "origin": [-0.49039241671562195, 0.09754511713981628, 0.0], "direction": [0.43862050771713257, -0.08724704384803772, 0.8944271802902222], "expected": 1.1180337457717204, "actual": -1.0, "passed": false}
FAIL {"path": "public_fast_math=False", "case": "rotated_near_generator_p22_angle17_insideTrue", "origin": [-0.49039241671562195, -0.09754511713981628, 0.0], "direction": [0.43862050771713257, 0.08724704384803772, 0.8944271802902222], "expected": 1.1180337457717204, "actual": -1.0, "passed": false}
FAIL {"path": "public_fast_math=False", "case": "rotated_near_generator_p22_angle18_insideTrue", "origin": [-0.4619395434856415, -0.19134162366390228, 0.0], "direction": [0.4131714999675751, 0.17114123702049255, 0.8944271802902222], "expected": 1.118033709817258, "actual": -1.0, "passed": false}
FAIL {"path": "public_fast_math=False", "case": "rotated_near_generator_p22_angle18_insideFalse", "origin": [-0.4619399905204773, -0.1913418024778366, 0.0], "direction": [0.4131714999675751, 0.17114123702049255, 0.8944271802902222], "expected": -1.0, "actual": 0.9809431433677673, "passed": false}
FAIL {"path": "public_fast_math=False", "case": "rotated_near_generator_p22_angle19_insideTrue", "origin": [-0.4157346189022064, -0.27778497338294983, 0.0], "direction": [0.37184450030326843, 0.24845856428146362, 0.8944271802902222], "expected": 1.118033742190338, "actual": 0.9809429049491882, "passed": false}
FAIL {"path": "public_fast_math=False", "case": "rotated_near_generator_p22_angle21_insideTrue", "origin": [-0.27778497338294983, -0.4157346189022064, 0.0], "direction": [0.24845856428146362, 0.37184450030326843, 0.8944271802902222], "expected": 1.118033742190338, "actual": 0.9809429049491882, "passed": false}
FAIL {"path": "public_fast_math=False", "case": "rotated_near_generator_p22_angle22_insideTrue", "origin": [-0.19134162366390228, -0.4619395434856415, 0.0], "direction": [0.17114123702049255, 0.4131714999675751, 0.8944271802902222], "expected": 1.118033709817258, "actual": -1.0, "passed": false}
FAIL {"path": "public_fast_math=False", "case": "rotated_near_generator_p22_angle22_insideFalse", "origin": [-0.1913418024778366, -0.4619399905204773, 0.0], "direction": [0.17114123702049255, 0.4131714999675751, 0.8944271802902222], "expected": -1.0, "actual": 0.9809431433677673, "passed": false}
FAIL {"path": "public_fast_math=False", "case": "rotated_near_generator_p22_angle23_insideTrue", "origin": [-0.09754511713981628, -0.49039241671562195, 0.0], "direction": [0.08724704384803772, 0.43862050771713257, 0.8944271802902222], "expected": 1.1180337457717204, "actual": -1.0, "passed": false}
FAIL {"path": "public_fast_math=False", "case": "rotated_near_generator_p22_angle25_insideTrue", "origin": [0.09754511713981628, -0.49039241671562195, 0.0], "direction": [-0.08724704384803772, 0.43862050771713257, 0.8944271802902222], "expected": 1.1180337457717204, "actual": -1.0, "passed": false}
FAIL {"path": "public_fast_math=False", "case": "rotated_near_generator_p22_angle26_insideTrue", "origin": [0.19134162366390228, -0.4619395434856415, 0.0], "direction": [-0.17114123702049255, 0.4131714999675751, 0.8944271802902222], "expected": 1.118033709817258, "actual": -1.0, "passed": false}
FAIL {"path": "public_fast_math=False", "case": "rotated_near_generator_p22_angle26_insideFalse", "origin": [0.1913418024778366, -0.4619399905204773, 0.0], "direction": [-0.17114123702049255, 0.4131714999675751, 0.8944271802902222], "expected": -1.0, "actual": 0.9809431433677673, "passed": false}
FAIL {"path": "public_fast_math=False", "case": "rotated_near_generator_p22_angle27_insideTrue", "origin": [0.27778497338294983, -0.4157346189022064, 0.0], "direction": [-0.24845856428146362, 0.37184450030326843, 0.8944271802902222], "expected": 1.118033742190338, "actual": 0.9809429049491882, "passed": false}
FAIL {"path": "public_fast_math=False", "case": "rotated_near_generator_p22_angle29_insideTrue", "origin": [0.4157346189022064, -0.27778497338294983, 0.0], "direction": [-0.37184450030326843, 0.24845856428146362, 0.8944271802902222], "expected": 1.118033742190338, "actual": 0.9809429049491882, "passed": false}
FAIL {"path": "public_fast_math=False", "case": "rotated_near_generator_p22_angle30_insideTrue", "origin": [0.4619395434856415, -0.19134162366390228, 0.0], "direction": [-0.4131714999675751, 0.17114123702049255, 0.8944271802902222], "expected": 1.118033709817258, "actual": -1.0, "passed": false}
FAIL {"path": "public_fast_math=False", "case": "rotated_near_generator_p22_angle30_insideFalse", "origin": [0.4619399905204773, -0.1913418024778366, 0.0], "direction": [-0.4131714999675751, 0.17114123702049255, 0.8944271802902222], "expected": -1.0, "actual": 0.9809431433677673, "passed": false}
FAIL {"path": "public_fast_math=False", "case": "rotated_near_generator_p22_angle31_insideTrue", "origin": [0.49039241671562195, -0.09754511713981628, 0.0], "direction": [-0.43862050771713257, 0.08724704384803772, 0.8944271802902222], "expected": 1.1180337457717204, "actual": -1.0, "passed": false}
public_fast_math=False 204/256 passed
Module intersect_ray__locals___intersect_ray_kernel_<cache-id> <cache-id> load on device 'cpu' took 849.69 ms  (compiled)
FAIL {"path": "public_fast_math=True", "case": "rotated_near_generator_p18_angle1_insideTrue", "origin": [0.4903889000415802, 0.09754441678524017, 0.0], "direction": [-0.43862050771713257, -0.08724704384803772, 0.8944271802902222], "expected": 1.1180297367988603, "actual": 1.1083487272262573, "passed": false}
FAIL {"path": "public_fast_math=True", "case": "rotated_near_generator_p18_angle2_insideFalse", "origin": [0.46194329857826233, 0.19134317338466644, 0.0], "direction": [-0.4131714999675751, -0.17114123702049255, 0.8944271802902222], "expected": -1.0, "actual": 1.1083570718765259, "passed": false}
FAIL {"path": "public_fast_math=True", "case": "rotated_near_generator_p18_angle4_insideFalse", "origin": [0.3535560965538025, 0.3535560965538025, 0.0], "direction": [-0.3162277638912201, -0.3162277638912201, 0.8944271802902222], "expected": -1.0, "actual": 1.1083570718765259, "passed": false}
FAIL {"path": "public_fast_math=True", "case": "rotated_near_generator_p18_angle6_insideFalse", "origin": [0.19134317338466644, 0.46194329857826233, 0.0], "direction": [-0.17114123702049255, -0.4131714999675751, 0.8944271802902222], "expected": -1.0, "actual": 1.1083570718765259, "passed": false}
FAIL {"path": "public_fast_math=True", "case": "rotated_near_generator_p18_angle7_insideTrue", "origin": [0.09754441678524017, 0.4903889000415802, 0.0], "direction": [-0.08724704384803772, -0.43862050771713257, 0.8944271802902222], "expected": 1.1180297367988603, "actual": 1.1083487272262573, "passed": false}
FAIL {"path": "public_fast_math=True", "case": "rotated_near_generator_p18_angle9_insideTrue", "origin": [-0.09754441678524017, 0.4903889000415802, 0.0], "direction": [0.08724704384803772, -0.43862050771713257, 0.8944271802902222], "expected": 1.1180297367988603, "actual": 1.1083487272262573, "passed": false}
FAIL {"path": "public_fast_math=True", "case": "rotated_near_generator_p18_angle10_insideFalse", "origin": [-0.19134317338466644, 0.46194329857826233, 0.0], "direction": [0.17114123702049255, -0.4131714999675751, 0.8944271802902222], "expected": -1.0, "actual": 1.1083570718765259, "passed": false}
FAIL {"path": "public_fast_math=True", "case": "rotated_near_generator_p18_angle12_insideFalse", "origin": [-0.3535560965538025, 0.3535560965538025, 0.0], "direction": [0.3162277638912201, -0.3162277638912201, 0.8944271802902222], "expected": -1.0, "actual": 1.1083570718765259, "passed": false}
FAIL {"path": "public_fast_math=True", "case": "rotated_near_generator_p18_angle14_insideFalse", "origin": [-0.46194329857826233, 0.19134317338466644, 0.0], "direction": [0.4131714999675751, -0.17114123702049255, 0.8944271802902222], "expected": -1.0, "actual": 1.1083570718765259, "passed": false}
FAIL {"path": "public_fast_math=True", "case": "rotated_near_generator_p18_angle15_insideTrue", "origin": [-0.4903889000415802, 0.09754441678524017, 0.0], "direction": [0.43862050771713257, -0.08724704384803772, 0.8944271802902222], "expected": 1.1180297367988603, "actual": 1.1083487272262573, "passed": false}
FAIL {"path": "public_fast_math=True", "case": "rotated_near_generator_p18_angle17_insideTrue", "origin": [-0.4903889000415802, -0.09754441678524017, 0.0], "direction": [0.43862050771713257, 0.08724704384803772, 0.8944271802902222], "expected": 1.1180297367988603, "actual": 1.1083487272262573, "passed": false}
FAIL {"path": "public_fast_math=True", "case": "rotated_near_generator_p18_angle18_insideFalse", "origin": [-0.46194329857826233, -0.19134317338466644, 0.0], "direction": [0.4131714999675751, 0.17114123702049255, 0.8944271802902222], "expected": -1.0, "actual": 1.1083570718765259, "passed": false}
FAIL {"path": "public_fast_math=True", "case": "rotated_near_generator_p18_angle20_insideFalse", "origin": [-0.3535560965538025, -0.3535560965538025, 0.0], "direction": [0.3162277638912201, 0.3162277638912201, 0.8944271802902222], "expected": -1.0, "actual": 1.1083570718765259, "passed": false}
FAIL {"path": "public_fast_math=True", "case": "rotated_near_generator_p18_angle22_insideFalse", "origin": [-0.19134317338466644, -0.46194329857826233, 0.0], "direction": [0.17114123702049255, 0.4131714999675751, 0.8944271802902222], "expected": -1.0, "actual": 1.1083570718765259, "passed": false}
FAIL {"path": "public_fast_math=True", "case": "rotated_near_generator_p18_angle23_insideTrue", "origin": [-0.09754441678524017, -0.4903889000415802, 0.0], "direction": [0.08724704384803772, 0.43862050771713257, 0.8944271802902222], "expected": 1.1180297367988603, "actual": 1.1083487272262573, "passed": false}
FAIL {"path": "public_fast_math=True", "case": "rotated_near_generator_p18_angle25_insideTrue", "origin": [0.09754441678524017, -0.4903889000415802, 0.0], "direction": [-0.08724704384803772, 0.43862050771713257, 0.8944271802902222], "expected": 1.1180297367988603, "actual": 1.1083487272262573, "passed": false}
FAIL {"path": "public_fast_math=True", "case": "rotated_near_generator_p18_angle26_insideFalse", "origin": [0.19134317338466644, -0.46194329857826233, 0.0], "direction": [-0.17114123702049255, 0.4131714999675751, 0.8944271802902222], "expected": -1.0, "actual": 1.1083570718765259, "passed": false}
FAIL {"path": "public_fast_math=True", "case": "rotated_near_generator_p18_angle28_insideFalse", "origin": [0.3535560965538025, -0.3535560965538025, 0.0], "direction": [-0.3162277638912201, 0.3162277638912201, 0.8944271802902222], "expected": -1.0, "actual": 1.1083570718765259, "passed": false}
FAIL {"path": "public_fast_math=True", "case": "rotated_near_generator_p18_angle30_insideFalse", "origin": [0.46194329857826233, -0.19134317338466644, 0.0], "direction": [-0.4131714999675751, 0.17114123702049255, 0.8944271802902222], "expected": -1.0, "actual": 1.1083570718765259, "passed": false}
FAIL {"path": "public_fast_math=True", "case": "rotated_near_generator_p18_angle31_insideTrue", "origin": [0.4903889000415802, -0.09754441678524017, 0.0], "direction": [-0.43862050771713257, 0.08724704384803772, 0.8944271802902222], "expected": 1.1180297367988603, "actual": 1.1083487272262573, "passed": false}
FAIL {"path": "public_fast_math=True", "case": "rotated_near_generator_p22_angle1_insideTrue", "origin": [0.49039241671562195, 0.09754511713981628, 0.0], "direction": [-0.43862050771713257, -0.08724704384803772, 0.8944271802902222], "expected": 1.1180337457717204, "actual": -1.0, "passed": false}
FAIL {"path": "public_fast_math=True", "case": "rotated_near_generator_p22_angle2_insideTrue", "origin": [0.4619395434856415, 0.19134162366390228, 0.0], "direction": [-0.4131714999675751, -0.17114123702049255, 0.8944271802902222], "expected": 1.118033709817258, "actual": -1.0, "passed": false}
FAIL {"path": "public_fast_math=True", "case": "rotated_near_generator_p22_angle2_insideFalse", "origin": [0.4619399905204773, 0.1913418024778366, 0.0], "direction": [-0.4131714999675751, -0.17114123702049255, 0.8944271802902222], "expected": -1.0, "actual": 0.9809431433677673, "passed": false}
FAIL {"path": "public_fast_math=True", "case": "rotated_near_generator_p22_angle3_insideTrue", "origin": [0.4157346189022064, 0.27778497338294983, 0.0], "direction": [-0.37184450030326843, -0.24845856428146362, 0.8944271802902222], "expected": 1.118033742190338, "actual": 0.9809429049491882, "passed": false}
FAIL {"path": "public_fast_math=True", "case": "rotated_near_generator_p22_angle5_insideTrue", "origin": [0.27778497338294983, 0.4157346189022064, 0.0], "direction": [-0.24845856428146362, -0.37184450030326843, 0.8944271802902222], "expected": 1.118033742190338, "actual": 0.9809429049491882, "passed": false}
FAIL {"path": "public_fast_math=True", "case": "rotated_near_generator_p22_angle6_insideTrue", "origin": [0.19134162366390228, 0.4619395434856415, 0.0], "direction": [-0.17114123702049255, -0.4131714999675751, 0.8944271802902222], "expected": 1.118033709817258, "actual": -1.0, "passed": false}
FAIL {"path": "public_fast_math=True", "case": "rotated_near_generator_p22_angle6_insideFalse", "origin": [0.1913418024778366, 0.4619399905204773, 0.0], "direction": [-0.17114123702049255, -0.4131714999675751, 0.8944271802902222], "expected": -1.0, "actual": 0.9809431433677673, "passed": false}
FAIL {"path": "public_fast_math=True", "case": "rotated_near_generator_p22_angle7_insideTrue", "origin": [0.09754511713981628, 0.49039241671562195, 0.0], "direction": [-0.08724704384803772, -0.43862050771713257, 0.8944271802902222], "expected": 1.1180337457717204, "actual": -1.0, "passed": false}
FAIL {"path": "public_fast_math=True", "case": "rotated_near_generator_p22_angle9_insideTrue", "origin": [-0.09754511713981628, 0.49039241671562195, 0.0], "direction": [0.08724704384803772, -0.43862050771713257, 0.8944271802902222], "expected": 1.1180337457717204, "actual": -1.0, "passed": false}
FAIL {"path": "public_fast_math=True", "case": "rotated_near_generator_p22_angle10_insideTrue", "origin": [-0.19134162366390228, 0.4619395434856415, 0.0], "direction": [0.17114123702049255, -0.4131714999675751, 0.8944271802902222], "expected": 1.118033709817258, "actual": -1.0, "passed": false}
FAIL {"path": "public_fast_math=True", "case": "rotated_near_generator_p22_angle10_insideFalse", "origin": [-0.1913418024778366, 0.4619399905204773, 0.0], "direction": [0.17114123702049255, -0.4131714999675751, 0.8944271802902222], "expected": -1.0, "actual": 0.9809431433677673, "passed": false}
FAIL {"path": "public_fast_math=True", "case": "rotated_near_generator_p22_angle11_insideTrue", "origin": [-0.27778497338294983, 0.4157346189022064, 0.0], "direction": [0.24845856428146362, -0.37184450030326843, 0.8944271802902222], "expected": 1.118033742190338, "actual": 0.9809429049491882, "passed": false}
FAIL {"path": "public_fast_math=True", "case": "rotated_near_generator_p22_angle13_insideTrue", "origin": [-0.4157346189022064, 0.27778497338294983, 0.0], "direction": [0.37184450030326843, -0.24845856428146362, 0.8944271802902222], "expected": 1.118033742190338, "actual": 0.9809429049491882, "passed": false}
FAIL {"path": "public_fast_math=True", "case": "rotated_near_generator_p22_angle14_insideTrue", "origin": [-0.4619395434856415, 0.19134162366390228, 0.0], "direction": [0.4131714999675751, -0.17114123702049255, 0.8944271802902222], "expected": 1.118033709817258, "actual": -1.0, "passed": false}
FAIL {"path": "public_fast_math=True", "case": "rotated_near_generator_p22_angle14_insideFalse", "origin": [-0.4619399905204773, 0.1913418024778366, 0.0], "direction": [0.4131714999675751, -0.17114123702049255, 0.8944271802902222], "expected": -1.0, "actual": 0.9809431433677673, "passed": false}
FAIL {"path": "public_fast_math=True", "case": "rotated_near_generator_p22_angle15_insideTrue", "origin": [-0.49039241671562195, 0.09754511713981628, 0.0], "direction": [0.43862050771713257, -0.08724704384803772, 0.8944271802902222], "expected": 1.1180337457717204, "actual": -1.0, "passed": false}
FAIL {"path": "public_fast_math=True", "case": "rotated_near_generator_p22_angle17_insideTrue", "origin": [-0.49039241671562195, -0.09754511713981628, 0.0], "direction": [0.43862050771713257, 0.08724704384803772, 0.8944271802902222], "expected": 1.1180337457717204, "actual": -1.0, "passed": false}
FAIL {"path": "public_fast_math=True", "case": "rotated_near_generator_p22_angle18_insideTrue", "origin": [-0.4619395434856415, -0.19134162366390228, 0.0], "direction": [0.4131714999675751, 0.17114123702049255, 0.8944271802902222], "expected": 1.118033709817258, "actual": -1.0, "passed": false}
FAIL {"path": "public_fast_math=True", "case": "rotated_near_generator_p22_angle18_insideFalse", "origin": [-0.4619399905204773, -0.1913418024778366, 0.0], "direction": [0.4131714999675751, 0.17114123702049255, 0.8944271802902222], "expected": -1.0, "actual": 0.9809431433677673, "passed": false}
FAIL {"path": "public_fast_math=True", "case": "rotated_near_generator_p22_angle19_insideTrue", "origin": [-0.4157346189022064, -0.27778497338294983, 0.0], "direction": [0.37184450030326843, 0.24845856428146362, 0.8944271802902222], "expected": 1.118033742190338, "actual": 0.9809429049491882, "passed": false}
FAIL {"path": "public_fast_math=True", "case": "rotated_near_generator_p22_angle21_insideTrue", "origin": [-0.27778497338294983, -0.4157346189022064, 0.0], "direction": [0.24845856428146362, 0.37184450030326843, 0.8944271802902222], "expected": 1.118033742190338, "actual": 0.9809429049491882, "passed": false}
FAIL {"path": "public_fast_math=True", "case": "rotated_near_generator_p22_angle22_insideTrue", "origin": [-0.19134162366390228, -0.4619395434856415, 0.0], "direction": [0.17114123702049255, 0.4131714999675751, 0.8944271802902222], "expected": 1.118033709817258, "actual": -1.0, "passed": false}
FAIL {"path": "public_fast_math=True", "case": "rotated_near_generator_p22_angle22_insideFalse", "origin": [-0.1913418024778366, -0.4619399905204773, 0.0], "direction": [0.17114123702049255, 0.4131714999675751, 0.8944271802902222], "expected": -1.0, "actual": 0.9809431433677673, "passed": false}
FAIL {"path": "public_fast_math=True", "case": "rotated_near_generator_p22_angle23_insideTrue", "origin": [-0.09754511713981628, -0.49039241671562195, 0.0], "direction": [0.08724704384803772, 0.43862050771713257, 0.8944271802902222], "expected": 1.1180337457717204, "actual": -1.0, "passed": false}
FAIL {"path": "public_fast_math=True", "case": "rotated_near_generator_p22_angle25_insideTrue", "origin": [0.09754511713981628, -0.49039241671562195, 0.0], "direction": [-0.08724704384803772, 0.43862050771713257, 0.8944271802902222], "expected": 1.1180337457717204, "actual": -1.0, "passed": false}
FAIL {"path": "public_fast_math=True", "case": "rotated_near_generator_p22_angle26_insideTrue", "origin": [0.19134162366390228, -0.4619395434856415, 0.0], "direction": [-0.17114123702049255, 0.4131714999675751, 0.8944271802902222], "expected": 1.118033709817258, "actual": -1.0, "passed": false}
FAIL {"path": "public_fast_math=True", "case": "rotated_near_generator_p22_angle26_insideFalse", "origin": [0.1913418024778366, -0.4619399905204773, 0.0], "direction": [-0.17114123702049255, 0.4131714999675751, 0.8944271802902222], "expected": -1.0, "actual": 0.9809431433677673, "passed": false}
FAIL {"path": "public_fast_math=True", "case": "rotated_near_generator_p22_angle27_insideTrue", "origin": [0.27778497338294983, -0.4157346189022064, 0.0], "direction": [-0.24845856428146362, 0.37184450030326843, 0.8944271802902222], "expected": 1.118033742190338, "actual": 0.9809429049491882, "passed": false}
FAIL {"path": "public_fast_math=True", "case": "rotated_near_generator_p22_angle29_insideTrue", "origin": [0.4157346189022064, -0.27778497338294983, 0.0], "direction": [-0.37184450030326843, 0.24845856428146362, 0.8944271802902222], "expected": 1.118033742190338, "actual": 0.9809429049491882, "passed": false}
FAIL {"path": "public_fast_math=True", "case": "rotated_near_generator_p22_angle30_insideTrue", "origin": [0.4619395434856415, -0.19134162366390228, 0.0], "direction": [-0.4131714999675751, 0.17114123702049255, 0.8944271802902222], "expected": 1.118033709817258, "actual": -1.0, "passed": false}
FAIL {"path": "public_fast_math=True", "case": "rotated_near_generator_p22_angle30_insideFalse", "origin": [0.4619399905204773, -0.1913418024778366, 0.0], "direction": [-0.4131714999675751, 0.17114123702049255, 0.8944271802902222], "expected": -1.0, "actual": 0.9809431433677673, "passed": false}
FAIL {"path": "public_fast_math=True", "case": "rotated_near_generator_p22_angle31_insideTrue", "origin": [0.49039241671562195, -0.09754511713981628, 0.0], "direction": [-0.43862050771713257, 0.08724704384803772, 0.8944271802902222], "expected": 1.1180337457717204, "actual": -1.0, "passed": false}
public_fast_math=True 204/256 passed
SUMMARY 612 / 768
