Warp CUDA warning: Could not find or load the NVIDIA CUDA driver. GPU execution will not be available.
Warp 1.18.0 initialized:
   CUDA Toolkit 13.4, CUDA driver not available (NVRTC compilation available)
   Devices:
     "cpu"      : "CPU"
   Kernel cache:
     <warp-cache>
Newton: <rejected-candidate-checkout>/newton/__init__.py Warp: 1.18.0
Expected values were frozen before any cone candidate was inspected.
Module cone_contract <cache-id> load on device 'cpu' took 4579.12 ms  (compiled)
FAIL helper near_generator_strict_interior: expected=1.11803374 actual=0 normal=[0.89442724 0.         0.44721362]
FAIL helper near_generator_strict_exterior_miss: expected=-1 actual=0 normal=[0.89442724 0.         0.44721362]
Module newton._src.geometry.bvh <cache-id> load on device 'cpu' took 0.81 ms  (cached)
Module intersect_ray__locals___intersect_ray_kernel_<cache-id> <cache-id> load on device 'cpu' took 1.17 ms  (cached)
FAIL public_transformed=False_fast_math=False near_generator_strict_interior: expected=1.11803374 actual=0 normal=[0.89442724 0.         0.44721362]
FAIL public_transformed=False_fast_math=False near_generator_strict_exterior_miss: expected=-1 actual=0 normal=[0.89442724 0.         0.44721362]
Module intersect_ray__locals___intersect_ray_kernel_<cache-id> <cache-id> load on device 'cpu' took 0.47 ms  (cached)
FAIL public_transformed=False_fast_math=True near_generator_strict_interior: expected=1.11803374 actual=0 normal=[0.89442724 0.         0.44721362]
FAIL public_transformed=False_fast_math=True near_generator_strict_exterior_miss: expected=-1 actual=0 normal=[0.89442724 0.         0.44721362]
FAIL public_transformed=True_fast_math=False near_generator_strict_interior: expected=1.11803374 actual=0 normal=[ 4.4721359e-01  8.9442724e-01 -2.9802322e-08]
FAIL public_transformed=True_fast_math=False near_generator_strict_exterior_miss: expected=-1 actual=0 normal=[ 4.4721359e-01  8.9442724e-01 -2.9802322e-08]
FAIL public_transformed=True_fast_math=True near_generator_strict_interior: expected=1.11803374 actual=0 normal=[ 4.4721359e-01  8.9442724e-01 -2.9802322e-08]
FAIL public_transformed=True_fast_math=True near_generator_strict_exterior_miss: expected=-1 actual=0 normal=[ 4.4721359e-01  8.9442724e-01 -2.9802322e-08]
SUMMARY: 0/10 checks passed; 10 failed
