/mnt/zer0models/github/kvnloo/newton/.venv/lib/python3.12/site-packages/mujoco_warp/_src/io.py:410: UserWarning: geom 1: friction[0] (0.0) < MJ_MINMU (1e-05) with condim=3 may cause NaN
  warnings.warn(
Warp 1.17.0 initialized:
   CUDA Toolkit 12.9, Driver 13.3
   Devices:
     "cpu"      : "CPU"
     "cuda:0"   : "NVIDIA GeForce RTX 3080 Ti" (12 GiB, sm_86, mempool enabled)
   Kernel cache:
     /home/kvn/.cache/warp/1.17.0
mujoco 3.12.0
solver /mnt/zer0models/github/kvnloo/newton/.venv/lib/python3.12/site-packages/mujoco_warp/_src/solver.py
1304:ls_done = (
1342:"linesearch iterations limit reached - please increase ls_iterations to %u\n",
--- resting contact, default budget ---
Module validate_and_correct_inertia_kernel_1ff2ac62 1ff2ac6 load on device 'cuda:0' took 1.00 ms  (cached)
Module newton._src.geometry.bvh 58a3a49 load on device 'cuda:0' took 1.18 ms  (cached)
Module newton._src.solvers.mujoco.kernels 1359a82 load on device 'cuda:0' took 19.86 ms  (cached)
Module mujoco_warp._src.io c728e4c load on device 'cuda:0' took 5.75 ms  (cached)
Module mujoco_warp._src.smooth d04e5a7 load on device 'cuda:0' took 6.02 ms  (cached)
Module _small_cholesky_factorize_block__locals__kernel_79a57364 20d25ea load on device 'cuda:0' took 1.59 ms  (cached)
Module _small_cholesky_solve_block__locals__kernel_c4e2dcc2 4c4cbb4 load on device 'cuda:0' took 1.57 ms  (cached)
Module create_eval_articulation_fk_tile__locals__eval_articulation_fk_tile_b34ba77f ef8e4d4 load on device 'cuda:0' took 2.94 ms  (cached)
Module newton._src.sim.collide f369c1a load on device 'cuda:0' took 0.76 ms  (cached)
Module newton._src.geometry.broad_phase_nxn 0c4afcd load on device 'cuda:0' took 1.81 ms  (cached)
Module narrow_phase_primitive_write_contact_False_False_False 6b2fd5c load on device 'cuda:0' took 0.97 ms  (cached)
Module newton._src.geometry.narrow_phase 3519ebf load on device 'cuda:0' took 1.16 ms  (cached)
Module _nxn_broadphase__locals__kernel_04e59282 04e5928 load on device 'cuda:0' took 1.74 ms  (cached)
Module _primitive_narrowphase__locals__primitive_narrowphase_84c518b0 84c518b load on device 'cuda:0' took 3.82 ms  (cached)
Module mujoco_warp._src.constraint 8d4d513 load on device 'cuda:0' took 4.90 ms  (cached)
Module _friction_dof__locals__kernel_22ded5f6 22ded5f load on device 'cuda:0' took 1.83 ms  (cached)
Module _efc_contact_init__locals__kernel_6bd38bb8 6bd38bb load on device 'cuda:0' took 1.86 ms  (cached)
Module _efc_contact_jac_dense__locals__kernel_b0c1fdf8 5fcbd59 load on device 'cuda:0' took 1.97 ms  (cached)
Module _efc_contact_update__locals__kernel_0221ea98 0221ea9 load on device 'cuda:0' took 1.84 ms  (cached)
Module mujoco_warp._src.passive 80f3681 load on device 'cuda:0' took 3.74 ms  (cached)
Module _qfrc_smooth__locals__kernel_8b823980 8b82398 load on device 'cuda:0' took 1.21 ms  (cached)
Module mujoco_warp._src.support a59a7bc load on device 'cuda:0' took 2.02 ms  (cached)
Module _small_cholesky_factorize_solve_block__locals__kernel_9da335f1 a5c2521 load on device 'cuda:0' took 1.57 ms  (cached)
Module _solve_init_dof__locals__kernel_021c7a0e 021c7a0 load on device 'cuda:0' took 1.29 ms  (cached)
Module mujoco_warp._src.solver 357f443 load on device 'cuda:0' took 3.01 ms  (cached)
Module _solve_init_jaref_kernel__locals__kernel_147787f8 147787f load on device 'cuda:0' took 1.18 ms  (cached)
Module mul_m_kernel__locals___mul_m_f3de1cc7 f3de1cc load on device 'cuda:0' took 1.35 ms  (cached)
Module _update_constraint_efc__locals__kernel_0539aa50 0539aa5 load on device 'cuda:0' took 1.31 ms  (cached)
Module _update_constraint_init_qfrc_constraint_dense__locals__kernel_bd7ca2ec bd7ca2e load on device 'cuda:0' took 1.50 ms  (cached)
Module _update_gradient_zero_grad_dot__locals__kernel_b20934d7 b20934d load on device 'cuda:0' took 1.07 ms  (cached)
Module _update_gradient_grad__locals__kernel_c876081d c876081 load on device 'cuda:0' took 1.15 ms  (cached)
Module _update_gradient_JTDAJ_dense_tiled__locals__kernel_5d7af1fe e61996a load on device 'cuda:0' took 2.07 ms  (cached)
Module _update_gradient_cholesky__locals__kernel_8ccb6386 ab2be5f load on device 'cuda:0' took 48.77 ms  (cached)
Module _linesearch_iterative_kernel__locals__kernel_7b6ae456 37b92b5 load on device 'cuda:0' took 2.52 ms  (cached)
Module _update_constraint_efc__locals__kernel_e953547e e953547 load on device 'cuda:0' took 1.53 ms  (cached)
Module _update_constraint_init_qfrc_constraint_dense__locals__kernel_d92a3413 d92a341 load on device 'cuda:0' took 1.36 ms  (cached)
Module _update_gradient_zero_grad_dot__locals__kernel_e9f8c963 e9f8c96 load on device 'cuda:0' took 1.32 ms  (cached)
Module _update_gradient_grad__locals__kernel_87959044 8795904 load on device 'cuda:0' took 1.19 ms  (cached)
Module _update_gradient_cholesky__locals__kernel_79d8a34d 7dcfdc9 load on device 'cuda:0' took 45.66 ms  (cached)
Module _solve_done__locals__kernel_0c4a4b4d 0c4a4b4 load on device 'cuda:0' took 1.64 ms  (cached)
Module mujoco_warp._src.sensor 830d16a load on device 'cuda:0' took 4.54 ms  (cached)
Module mujoco_warp._src.derivative 8222a58 load on device 'cuda:0' took 3.00 ms  (cached)
Module mujoco_warp._src.forward a1745d1 load on device 'cuda:0' took 3.87 ms  (cached)
Module _next_time_builder__locals___next_time_f604e0b3 f604e0b load on device 'cuda:0' took 1.62 ms  (cached)
{'configured_ls_iterations': 50, 'steps': 30, 'ls_overflow_steps': 0, 'max_solver_niter': 1, 'warning_counts': Counter()}
--- resting contact, ls_iterations=2 ---
Module _linesearch_iterative_kernel__locals__kernel_1aa4e42d d28d9a7 load on device 'cuda:0' took 4.61 ms  (cached)
{'configured_ls_iterations': 2, 'steps': 30, 'ls_overflow_steps': 28, 'max_solver_niter': 1, 'warning_counts': Counter({'linesearch iterations limit reached - please increase ls_iterations to 2': 7})}
--- float32 optimal-point bracket, limit 50 ---
{'iterations_until_done': 24, 'initial_converged': False, 'exhausted': False, 'same_sign_derivatives_seen': False, 'final_lo_alpha': -9.999999974752427e-07, 'final_hi_alpha': -9.99999883788405e-07, 'final_lo_deriv': 0.0, 'final_hi_deriv': 2.2737367544323206e-05, 'final_lo_cost_delta': 0.0, 'final_hi_cost_delta': 1.2924697071141057e-18}
--- same point, limit 2 (tiny budget) ---
{'iterations_until_done': 2, 'initial_converged': False, 'exhausted': True, 'same_sign_derivatives_seen': False, 'final_lo_alpha': -9.999999974752427e-07, 'final_hi_alpha': -7.500000265281415e-07, 'final_lo_deriv': 0.0, 'final_hi_deriv': 49.99999237060547, 'final_lo_cost_delta': 0.0, 'final_hi_cost_delta': 6.249998477869667e-06}
